[1/262] 2021年10月/1FE9C75DE9E0F1E806858ED2D655582F.png → 文件扫描件
[2/262] 2021年10月/5A0287D37E85D7FB440B9FD1C7267218.png → 文件扫描件
[3/262] 2021年10月/微信图片_20211008163147.jpg → 图表图纸
[4/262] 2021年10月/微信图片_20211009162302.jpg → 现场照片
[5/262] 2021年10月/微信图片_20211009162305.jpg → 现场照片
[6/262] 2021年10月/微信图片_20211026090153.jpg → 现场照片
[7/262] 2021年10月/微信图片_202110260901531.jpg → 现场照片
[8/262] 2021年10月/微信图片_2021102609015310.jpg → 现场照片
[9/262] 2021年10月/微信图片_2021102609015311.jpg → 现场照片
[10/262] 2021年10月/微信图片_2021102609015312.jpg → 现场照片
[11/262] 2021年10月/微信图片_2021102609015313.jpg → 现场照片
[12/262] 2021年10月/微信图片_2021102609015314.jpg → 现场照片
[13/262] 2021年10月/微信图片_2021102609015315.jpg → 现场照片
[14/262] 2021年10月/微信图片_2021102609015316.jpg → 失败
[15/262] 2021年10月/微信图片_2021102609015317.jpg → 失败
[16/262] 2021年10月/微信图片_202110260901532.jpg → 现场照片
[17/262] 2021年10月/微信图片_202110260901533.jpg → 现场照片
[18/262] 2021年10月/微信图片_202110260901534.jpg → 现场照片
[19/262] 2021年10月/微信图片_202110260901535.jpg → 现场照片
[20/262] 2021年10月/微信图片_202110260901536.jpg → 现场照片
[21/262] 2021年10月/微信图片_202110260901537.jpg → 现场照片
[22/262] 2021年10月/微信图片_202110260901538.jpg → 现场照片
[23/262] 2021年10月/微信图片_202110260901539.jpg → 现场照片
[24/262] 2021年10月/微信图片_20211026090154.jpg → 失败
[25/262] 2021年10月/微信图片_202110260901541.jpg → 现场照片
[26/262] 2021年10月/微信图片_2021102609015410.jpg → 现场照片
[27/262] 2021年10月/微信图片_2021102609015411.jpg → 现场照片
[28/262] 2021年10月/微信图片_2021102609015412.jpg → 现场照片
[29/262] 2021年10月/微信图片_2021102609015413.jpg → 现场照片
[30/262] 2021年10月/微信图片_2021102609015414.jpg → 现场照片
[31/262] 2021年10月/微信图片_2021102609015415.jpg → 现场照片
[32/262] 2021年10月/微信图片_2021102609015416.jpg → 现场照片
[33/262] 2021年10月/微信图片_2021102609015417.jpg → 现场照片
[34/262] 2021年10月/微信图片_2021102609015418.jpg → 现场照片
[35/262] 2021年10月/微信图片_2021102609015419.jpg → 现场照片
[36/262] 2021年10月/微信图片_202110260901542.jpg → 现场照片
[37/262] 2021年10月/微信图片_202110260901543.jpg → 现场照片
[38/262] 2021年10月/微信图片_202110260901544.jpg → 现场照片
[39/262] 2021年10月/微信图片_202110260901545.jpg → 现场照片
[40/262] 2021年10月/微信图片_202110260901546.jpg → 现场照片
[41/262] 2021年10月/微信图片_202110260901547.jpg → 现场照片
[42/262] 2021年10月/微信图片_202110260901548.jpg → 现场照片
[43/262] 2021年10月/微信图片_202110260901549.jpg → 现场照片
[44/262] 2021年10月/微信图片_20211026090155.jpg → 现场照片
[45/262] 2021年10月/微信图片_2021102609015510.jpg → 现场照片
[46/262] 2021年10月/微信图片_2021102609015511.jpg → 现场照片
[47/262] 2021年10月/微信图片_2021102609015512.jpg → 现场照片
[48/262] 2021年10月/微信图片_2021102609015513.jpg → 现场照片
[49/262] 2021年10月/微信图片_2021102609015514.jpg → 现场照片
[50/262] 2021年10月/微信图片_2021102609015515.jpg → 现场照片
[51/262] 2021年10月/微信图片_202110260901552.jpg → 现场照片
[52/262] 2021年10月/微信图片_202110260901553.jpg → 现场照片
[53/262] 2021年10月/微信图片_202110260901554.jpg → 现场照片
[54/262] 2021年10月/微信图片_202110260901555.jpg → 现场照片
[55/262] 2021年10月/微信图片_202110260901556.jpg → 现场照片
[56/262] 2021年10月/微信图片_202110260901557.jpg → 现场照片
[57/262] 2021年10月/微信图片_202110260901558.jpg → 现场照片
[58/262] 2021年10月/微信图片_202110260901559.jpg → 现场照片
[59/262] 2021年10月/微信图片_20211026090156.jpg → 现场照片
[60/262] 2021年10月/微信图片_202110260901561.jpg → 现场照片
[61/262] 2021年10月/微信图片_2021102609015610.jpg → 现场照片
[62/262] 2021年10月/微信图片_2021102609015611.jpg → 现场照片
[63/262] 2021年10月/微信图片_2021102609015612.jpg → 现场照片
[64/262] 2021年10月/微信图片_2021102609015613.jpg → 现场照片
[65/262] 2021年10月/微信图片_2021102609015614.jpg → 现场照片
[66/262] 2021年10月/微信图片_2021102609015615.jpg → 现场照片
[67/262] 2021年10月/微信图片_2021102609015616.jpg → 现场照片
[68/262] 2021年10月/微信图片_2021102609015617.jpg → 现场照片
[69/262] 2021年10月/微信图片_2021102609015618.jpg → 现场照片
[70/262] 2021年10月/微信图片_2021102609015619.jpg → 现场照片
[71/262] 2021年10月/微信图片_202110260901562.jpg → 现场照片
[72/262] 2021年10月/微信图片_202110260901563.jpg → 现场照片
[73/262] 2021年10月/微信图片_202110260901564.jpg → 现场照片
[74/262] 2021年10月/微信图片_202110260901565.jpg → 现场照片
[75/262] 2021年10月/微信图片_202110260901566.jpg → 现场照片
[76/262] 2021年10月/微信图片_202110260901567.jpg → 现场照片
[77/262] 2021年10月/微信图片_202110260901568.jpg → 现场照片
[78/262] 2021年10月/微信图片_202110260901569.jpg → 现场照片
[79/262] 2021年10月/微信图片_20211026090157.jpg → 现场照片
[80/262] 2021年10月/微信图片_202110260901571.jpg → 现场照片
[81/262] 2021年10月/微信图片_202110260901572.jpg → 现场照片
[82/262] 2021年10月/微信图片_202110260901573.jpg → 现场照片
[83/262] 2021年10月/微信图片_202110260901574.jpg → 现场照片
[84/262] 2021年10月/微信图片_202110260901575.jpg → 现场照片
[85/262] 2021年10月/微信图片_202110260901576.jpg → 现场照片
[86/262] 2021年10月/微信图片_202110260901577.jpg → 现场照片
[87/262] 2021年10月/微信图片_202110260901578.jpg → 现场照片
[88/262] 2021年10月/微信图片_202110260901579.jpg → 现场照片
[89/262] 2021年10月/微信图片_20211026090158.jpg → 现场照片
[90/262] 2021年10月/微信图片_20211026090408.jpg → 现场照片
[91/262] 2021年10月/微信图片_202110260904081.jpg → 现场照片
[92/262] 2021年10月/微信图片_202110260904082.jpg → 现场照片
[93/262] 2021年10月/微信图片_202110260904083.jpg → 现场照片
[94/262] 2021年10月/微信图片_202110260904084.jpg → 现场照片
[95/262] 2021年10月/微信图片_202110260904085.jpg → 现场照片
[96/262] 2021年10月/微信图片_202110260904086.jpg → 现场照片
[97/262] 2021年10月/微信图片_202110260904087.jpg → 现场照片
[98/262] 2021年10月/微信图片_20211026090409.jpg → 现场照片
[99/262] 2021年10月/微信图片_202110260904091.jpg → 现场照片
[100/262] 2021年10月/微信图片_202110260904092.jpg → 现场照片
[101/262] 2021年10月/微信图片_202110260904093.jpg → 现场照片
[102/262] 2021年10月/微信图片_202110260904094.jpg → 现场照片
[103/262] 2021年10月/微信图片_202110260904095.jpg → 现场照片
[104/262] 2021年10月/微信图片_20211026090410.jpg → 现场照片
[105/262] 2021年10月/微信图片_20211026090411.jpg → 失败
[106/262] 2021年10月/微信图片_202110260904111.jpg → 失败
[107/262] 2021年10月/微信图片_202110260904112.jpg → 现场照片
[108/262] 2021年10月/微信图片_202110260904113.jpg → 现场照片
[109/262] 2021年10月/微信图片_202110260904114.jpg → 现场照片
[110/262] 2021年10月/微信图片_202110260904115.jpg → 现场照片
[111/262] 2021年10月/微信图片_20211026090412.jpg → 现场照片
[112/262] 2021年10月/微信图片_202110260904121.jpg → 现场照片
[113/262] 2021年10月/微信图片_202110260904122.jpg → 现场照片
[114/262] 2021年10月/微信图片_202110260904123.jpg → 现场照片
[115/262] 2021年10月/微信图片_202110260904124.jpg → 现场照片
[116/262] 2021年10月/微信图片_202110260904125.jpg → 现场照片
[117/262] 2021年10月/微信图片_202110260904126.jpg → 现场照片
[118/262] 2021年10月/微信图片_202110260904127.jpg → 现场照片
[119/262] 2021年10月/微信图片_202110260904128.jpg → 现场照片
[120/262] 2021年10月/微信图片_202110260904129.jpg → 现场照片
[121/262] 2021年10月/微信图片_20211026090413.jpg → 现场照片
[122/262] 2021年10月/微信图片_20211026090414.jpg → 现场照片
[123/262] 2021年10月/微信图片_202110260904141.jpg → 现场照片
[124/262] 2021年10月/微信图片_202110260904142.jpg → 现场照片
[125/262] 2021年10月/微信图片_202110260904143.jpg → 现场照片
[126/262] 2021年10月/微信图片_202110260904144.jpg → 现场照片
[127/262] 2021年10月/微信图片_202110260904145.jpg → 现场照片
[128/262] 2021年10月/微信图片_20211026090415.jpg → 现场照片
[129/262] 2021年10月/微信图片_202110260904151.jpg → 现场照片
[130/262] 2021年10月/微信图片_202110260904152.jpg → 现场照片
[131/262] 2021年10月/微信图片_202110260904153.jpg → 现场照片
[132/262] 2021年10月/微信图片_202110260904154.jpg → 现场照片
[133/262] 2021年10月/微信图片_202110260904155.jpg → 现场照片
[134/262] 2021年10月/微信图片_202110260904156.jpg → 现场照片
[135/262] 2021年10月/微信图片_20211026090416.jpg → 现场照片
[136/262] 2021年10月/微信图片_202110260904161.jpg → 现场照片
[137/262] 2021年10月/微信图片_2021102609041610.jpg → 现场照片
[138/262] 2021年10月/微信图片_2021102609041611.jpg → 现场照片
[139/262] 2021年10月/微信图片_2021102609041612.jpg → 现场照片
[140/262] 2021年10月/微信图片_2021102609041613.jpg → 现场照片
[141/262] 2021年10月/微信图片_2021102609041614.jpg → 现场照片
[142/262] 2021年10月/微信图片_2021102609041615.jpg → 现场照片
[143/262] 2021年10月/微信图片_2021102609041616.jpg → 现场照片
[144/262] 2021年10月/微信图片_2021102609041617.jpg → 现场照片
[145/262] 2021年10月/微信图片_2021102609041618.jpg → 现场照片
[146/262] 2021年10月/微信图片_2021102609041619.jpg → 现场照片
[147/262] 2021年10月/微信图片_202110260904162.jpg → 现场照片
[148/262] 2021年10月/微信图片_2021102609041620.jpg → 现场照片
[149/262] 2021年10月/微信图片_2021102609041621.jpg → 现场照片
[150/262] 2021年10月/微信图片_2021102609041622.jpg → 现场照片
[151/262] 2021年10月/微信图片_2021102609041623.jpg → 现场照片
[152/262] 2021年10月/微信图片_2021102609041624.jpg → 现场照片
[153/262] 2021年10月/微信图片_2021102609041625.jpg → 现场照片
[154/262] 2021年10月/微信图片_2021102609041626.jpg → 现场照片
[155/262] 2021年10月/微信图片_2021102609041627.jpg → 现场照片
[156/262] 2021年10月/微信图片_2021102609041628.jpg → 现场照片
[157/262] 2021年10月/微信图片_202110260904163.jpg → 现场照片
[158/262] 2021年10月/微信图片_202110260904164.jpg → 现场照片
[159/262] 2021年10月/微信图片_202110260904165.jpg → 现场照片
[160/262] 2021年10月/微信图片_202110260904166.jpg → 现场照片
[161/262] 2021年10月/微信图片_202110260904167.jpg → 现场照片
[162/262] 2021年10月/微信图片_202110260904168.jpg → 现场照片
[163/262] 2021年10月/微信图片_202110260904169.jpg → 现场照片
[164/262] 2021年10月/微信图片_20211026090417.jpg → 现场照片
[165/262] 2021年10月/微信图片_202110260904171.jpg → 现场照片
[166/262] 2021年10月/微信图片_2021102609041710.jpg → 现场照片
[167/262] 2021年10月/微信图片_202110260904172.jpg → 现场照片
[168/262] 2021年10月/微信图片_202110260904173.jpg → 现场照片
[169/262] 2021年10月/微信图片_202110260904174.jpg → 现场照片
[170/262] 2021年10月/微信图片_202110260904175.jpg → 现场照片
[171/262] 2021年10月/微信图片_202110260904176.jpg → 现场照片
[172/262] 2021年10月/微信图片_202110260904177.jpg → 现场照片
[173/262] 2021年10月/微信图片_202110260904178.jpg → 现场照片
[174/262] 2021年10月/微信图片_202110260904179.jpg → 现场照片
[175/262] 2021年10月/微信图片_20211026090629.jpg → 现场照片
[176/262] 2021年10月/微信图片_202110260906291.jpg → 现场照片
[177/262] 2021年10月/微信图片_2021102609062910.jpg → 现场照片
[178/262] 2021年10月/微信图片_2021102609062911.jpg → 现场照片
[179/262] 2021年10月/微信图片_2021102609062913.jpg → 失败
[180/262] 2021年10月/微信图片_2021102609062914.jpg → 现场照片
[181/262] 2021年10月/微信图片_202110260906292.jpg → 现场照片
[182/262] 2021年10月/微信图片_202110260906293.jpg → 现场照片
[183/262] 2021年10月/微信图片_202110260906294.jpg → 现场照片
[184/262] 2021年10月/微信图片_202110260906295.jpg → 现场照片
[185/262] 2021年10月/微信图片_202110260906296.jpg → 现场照片
[186/262] 2021年10月/微信图片_202110260906297.jpg → 现场照片
[187/262] 2021年10月/微信图片_202110260906298.jpg → 现场照片
[188/262] 2021年10月/微信图片_202110260906299.jpg → 现场照片
[189/262] 2021年10月/微信图片_20211026090630.jpg → 现场照片
[190/262] 2021年10月/微信图片_202110260906301.jpg → 现场照片
[191/262] 2021年10月/微信图片_202110260906302.jpg → 现场照片
[192/262] 2021年10月/微信图片_202110260906303.jpg → 现场照片
[193/262] 2021年10月/微信图片_202110260906304.jpg → 现场照片
[194/262] 2021年10月/微信图片_202110260906305.jpg → 现场照片
[195/262] 2021年10月/微信图片_202110260906306.jpg → 现场照片
[196/262] 2021年10月/微信图片_202110260906307.jpg → 现场照片
[197/262] 2021年10月/微信图片_20211026090631.jpg → 现场照片
[198/262] 2021年10月/微信图片_202110260906311.jpg → 现场照片
[199/262] 2021年10月/微信图片_2021102609063110.jpg → 现场照片
[200/262] 2021年10月/微信图片_2021102609063111.jpg → 现场照片
[201/262] 2021年10月/微信图片_2021102609063112.jpg → 现场照片
[202/262] 2021年10月/微信图片_2021102609063113.jpg → 现场照片
[203/262] 2021年10月/微信图片_2021102609063114.jpg → 现场照片
[204/262] 2021年10月/微信图片_2021102609063115.jpg → 现场照片
[205/262] 2021年10月/微信图片_2021102609063116.jpg → 现场照片
[206/262] 2021年10月/微信图片_2021102609063117.jpg → 现场照片
[207/262] 2021年10月/微信图片_2021102609063118.jpg → 现场照片
[208/262] 2021年10月/微信图片_2021102609063119.jpg → 现场照片
[209/262] 2021年10月/微信图片_202110260906312.jpg → 现场照片
[210/262] 2021年10月/微信图片_2021102609063120.jpg → 现场照片
[211/262] 2021年10月/微信图片_2021102609063121.jpg → 现场照片
[212/262] 2021年10月/微信图片_2021102609063122.jpg → 现场照片
[213/262] 2021年10月/微信图片_2021102609063123.jpg → 现场照片
[214/262] 2021年10月/微信图片_2021102609063124.jpg → 现场照片
[215/262] 2021年10月/微信图片_2021102609063125.jpg → 现场照片
[216/262] 2021年10月/微信图片_2021102609063126.jpg → 现场照片
[217/262] 2021年10月/微信图片_2021102609063127.jpg → 现场照片
[218/262] 2021年10月/微信图片_2021102609063128.jpg → 现场照片
[219/262] 2021年10月/微信图片_2021102609063129.jpg → 现场照片
[220/262] 2021年10月/微信图片_202110260906313.jpg → 现场照片
[221/262] 2021年10月/微信图片_2021102609063130.jpg → 现场照片
[222/262] 2021年10月/微信图片_202110260906314.jpg → 现场照片
[223/262] 2021年10月/微信图片_202110260906315.jpg → 现场照片
[224/262] 2021年10月/微信图片_202110260906316.jpg → 现场照片
[225/262] 2021年10月/微信图片_202110260906317.jpg → 现场照片
[226/262] 2021年10月/微信图片_202110260906318.jpg → 现场照片
[227/262] 2021年10月/微信图片_202110260906319.jpg → 现场照片
[228/262] 2021年10月/微信图片_20211026090632.jpg → 现场照片
[229/262] 2021年10月/微信图片_202110260906321.jpg → 现场照片
[230/262] 2021年10月/微信图片_202110260906322.jpg → 现场照片
[231/262] 2021年10月/微信图片_202110260906327.jpg → 现场照片
[232/262] 2021年10月/微信图片_202110260906328.jpg → 现场照片
[233/262] 2021年10月/迎接防汛检查.jpg → 现场照片
[234/262] 2021年9月/1.JPG → 失败
[235/262] 2021年9月/2.1.JPG → 失败
[236/262] 2021年9月/3.1.JPG → 失败
[237/262] 2021年9月/5B4A1936.JPG → 现场照片
[238/262] 2021年9月/5B4A1946.JPG → 失败
[239/262] 2021年9月/5B4A1957.JPG → 现场照片
[240/262] 2021年9月/6.JPG → 现场照片
[241/262] 2021年9月/微信图片_2021092809492912.jpg → 现场照片
[242/262] 2021年9月/微信图片_2021092809492913.jpg → 现场照片
[243/262] 2021年9月/微信图片_20210928095232.jpg → 现场照片
[244/262] 2021年9月/微信图片_20210928095233.jpg → 现场照片
[245/262] 2021年9月/微信图片_202109280952331.jpg → 现场照片
[246/262] 2021年9月/微信图片_2021092809523310.jpg → 现场照片
[247/262] 2021年9月/微信图片_2021092809523311.jpg → 现场照片
[248/262] 2021年9月/微信图片_2021092809523312.jpg → 现场照片
[249/262] 2021年9月/微信图片_2021092809523313.jpg → 现场照片
[250/262] 2021年9月/微信图片_2021092809523314.jpg → 现场照片
[251/262] 2021年9月/微信图片_2021092809523315.jpg → 现场照片
[252/262] 2021年9月/微信图片_202109280952332.jpg → 现场照片
[253/262] 2021年9月/微信图片_202109280952333.jpg → 现场照片
[254/262] 2021年9月/微信图片_202109280952334.jpg → 现场照片
[255/262] 2021年9月/微信图片_202109280952335.jpg → 现场照片
[256/262] 2021年9月/微信图片_202109280952336.jpg → 现场照片
[257/262] 2021年9月/微信图片_202109280952337.jpg → 现场照片
[258/262] 2021年9月/微信图片_202109280952338.jpg → 现场照片
[259/262] 2021年9月/微信图片_202109280952339.jpg → 现场照片
[260/262] 2021年9月/微信图片_2021092809523423.jpg → 现场照片
[261/262] 2021年9月/微信图片_2021102609015420.jpg → 现场照片
[262/262] 2021年9月/微信图片_202110260901551.jpg → 现场照片

分类完成：{'文件扫描件': 2, '图表图纸': 1, '现场照片': 249, '失败': 10}
报告: /opt/wangjz/ragflow-import/out/photo_triage/triage_report.md
